// Jest Snapshot v1, https://goo.gl/fbAQLP

exports[`<Card /> should call the callback with the right arguments 1`] = `
<div
  className="Card"
  onClick={[Function]}
>
  <CardFront />
</div>
`;

exports[`<Card /> should render correctly 1`] = `
<div
  className="Card"
  onClick={[Function]}
>
  <CardFront />
</div>
`;
